2025-12-18 21:43:30,121 - masks - INFO - Начало маскировки номера карты: Visa Platinum 8990922113665229
2025-12-18 21:43:30,122 - masks - INFO - Номер карты успешно замаскирован. Результат: Visa Platinum 8990 92** **** 5229
2025-12-18 21:43:30,122 - masks - INFO - Начало маскировки номера счета: Счет 73654108430135874305
2025-12-18 21:43:30,123 - masks - INFO - Номер счета успешно замаскирован. Результат: Счёт **4305
2025-12-18 21:43:31,814 - masks - INFO - Начало маскировки номера карты: Visa Classic 1234567890123456
2025-12-18 21:43:31,814 - masks - INFO - Номер карты успешно замаскирован. Результат: Visa Classic 1234 56** **** 3456
2025-12-18 21:43:31,828 - masks - INFO - Начало маскировки номера карты: Visa Classic 1234567890123456
2025-12-18 21:43:31,829 - masks - INFO - Номер карты успешно замаскирован. Результат: Visa Classic 1234 56** **** 3456
2025-12-18 21:43:31,838 - masks - INFO - Начало маскировки номера карты: Visa Classic
2025-12-18 21:43:31,839 - masks - WARNING - Некорректный номер карты: Visa Classic
2025-12-18 21:43:31,847 - masks - INFO - Начало маскировки номера счета: 986541084374305
2025-12-18 21:43:31,848 - masks - INFO - Номер счета успешно замаскирован. Результат: Счёт **4305
2025-12-18 21:43:31,855 - masks - INFO - Начало маскировки номера счета: Счет 73654108430135874305
2025-12-18 21:43:31,855 - masks - INFO - Номер счета успешно замаскирован. Результат: Счёт **4305
2025-12-18 21:43:31,887 - masks - INFO - Начало маскировки номера счета: 
2025-12-18 21:43:31,892 - masks - INFO - Номер счета успешно замаскирован. Результат: Счёт **
2025-12-18 21:43:31,908 - masks - INFO - Начало маскировки номера счета: 123
2025-12-18 21:43:31,909 - masks - INFO - Номер счета успешно замаскирован. Результат: Счёт **123
2025-12-18 21:43:31,920 - masks - INFO - Начало маскировки номера счета: ABC123XYZ
2025-12-18 21:43:31,921 - masks - INFO - Номер счета успешно замаскирован. Результат: Счёт **3XYZ
