2025-12-04 19:40:19,576 - utils - INFO - Начало загрузки данных из файла: empty_file.json
2025-12-04 19:40:19,576 - utils - INFO - Файл empty_file.json открыт для чтения.
2025-12-04 19:40:19,577 - utils - DEBUG - Данные успешно прочитаны из файла: []
2025-12-04 19:40:19,577 - utils - INFO - Данные имеют формат списка.
2025-12-04 19:40:19,578 - utils - INFO - Загрузка данных из файла empty_file.json завершена.
2025-12-04 19:40:19,581 - utils - INFO - Начало загрузки данных из файла: nonexistent_file.json
2025-12-04 19:40:19,582 - utils - WARNING - Файл nonexistent_file.json не найден.
2025-12-04 19:40:19,582 - utils - INFO - Загрузка данных из файла nonexistent_file.json завершена.
2025-12-04 19:40:19,589 - utils - INFO - Начало загрузки данных из файла: invalid_json.json
2025-12-04 19:40:19,589 - utils - INFO - Файл invalid_json.json открыт для чтения.
2025-12-04 19:40:19,590 - utils - DEBUG - Данные успешно прочитаны из файла: {'key': 'value'}
2025-12-04 19:40:19,590 - utils - WARNING - Данные не в формате списка.
2025-12-04 19:40:19,591 - utils - INFO - Загрузка данных из файла invalid_json.json завершена.
2025-12-04 19:40:19,597 - utils - INFO - Начало загрузки данных из файла: not_list.json
2025-12-04 19:40:19,597 - utils - INFO - Файл not_list.json открыт для чтения.
2025-12-04 19:40:19,597 - utils - DEBUG - Данные успешно прочитаны из файла: {'not': 'list'}
2025-12-04 19:40:19,597 - utils - WARNING - Данные не в формате списка.
2025-12-04 19:40:19,598 - utils - INFO - Загрузка данных из файла not_list.json завершена.
2025-12-04 19:40:19,605 - utils - INFO - Начало загрузки данных из файла: valid_json.json
2025-12-04 19:40:19,606 - utils - INFO - Файл valid_json.json открыт для чтения.
2025-12-04 19:40:19,606 - utils - DEBUG - Данные успешно прочитаны из файла: [{'amount': 100, 'currency': 'USD'}]
2025-12-04 19:40:19,606 - utils - INFO - Данные имеют формат списка.
2025-12-04 19:40:19,607 - utils - INFO - Загрузка данных из файла valid_json.json завершена.
